<?xml version="1.0" encoding="UTF-8"?>
<!--
 *******************************************************************************
 * Copyright (c) 2021 Contributors to the Eclipse Foundation
 * 
 * This program and the accompanying materials are made available under the
 * terms of the Eclipse Public License 2.0 which is available at
 * https://www.eclipse.org/legal/epl-2.0/.
 * 
 * SPDX-License-Identifier: EPL-2.0
 * 
 * Contributors:
 *   See git history
 *******************************************************************************
-->
<report xmlns="http://www.eclipse.org/birt/2005/design" version="3.2.23" id="1">
    <data-sources>
        <oda-data-source extensionID="org.eclipse.birt.report.data.oda.jdbc" name="myDataSource1" id="2"/>
    </data-sources>
    <data-sets>
        <oda-data-set extensionID="org.eclipse.birt.report.data.oda.jdbc.JdbcSelectDataSet" name="myDataSet1" id="3">
            <text-property name="displayName">My Data Set One</text-property>
            <list-property name="parameters"/>
            <property name="dataSource">myDataSource1</property>
            <list-property name="resultSet">
                <structure>
                    <property name="position">1</property>
                    <property name="name">UNNAMED_1</property>
                    <property name="dataType">blob</property>
                    <property name="nativeDataType">2004</property>
                </structure>
            </list-property>
        </oda-data-set>
        <oda-data-set extensionID="org.eclipse.birt.report.data.oda.jdbc.JdbcSelectDataSet" name="myDataSet2" id="4">
            <property name="dataSource">myDataSource1</property>
        </oda-data-set>
    </data-sets>
</report>
