<?xml version="1.0" encoding="UTF-8"?>
<!--
 *******************************************************************************
 * Copyright (c) 2021 Contributors to the Eclipse Foundation
 * 
 * This program and the accompanying materials are made available under the
 * terms of the Eclipse Public License 2.0 which is available at
 * https://www.eclipse.org/legal/epl-2.0/.
 * 
 * SPDX-License-Identifier: EPL-2.0
 * 
 * Contributors:
 *   See git history
 *******************************************************************************
-->
<model:DesignValues xmlns:design="http://www.eclipse.org/datatools/connectivity/oda/design" xmlns:model="http://www.eclipse.org/birt/report/model/adapter/odaModel">
  <Version>2.0</Version>
  <design:ResultSets>
    <design:resultSetDefinitions>
      <design:name>userid</design:name>
      <design:resultSetColumns>
        <design:resultColumnDefinitions>
          <design:attributes>
            <design:identifier>
              <design:name>user name</design:name>
              <design:position>1</design:position>
            </design:identifier>
            <design:nativeDataTypeCode>10</design:nativeDataTypeCode>
            <design:uiHints>
              <design:displayName>User Name</design:displayName>
            </design:uiHints>
          </design:attributes>
          <design:usageHints>
            <design:helpText>%message.column-hint.help Help me!</design:helpText>
          </design:usageHints>
          <design:multiDimensionAttributes>
            <design:axisType>DimensionAttribute</design:axisType>
            <design:onColumnLayout>true</design:onColumnLayout>
            <design:relatedColumns>
              <design:columnIdentifiers>
                <design:identifiers>
                  <design:name>name</design:name>
                </design:identifiers>
              </design:columnIdentifiers>
            </design:relatedColumns>
          </design:multiDimensionAttributes>            
        </design:resultColumnDefinitions>
        <design:resultColumnDefinitions>
          <design:attributes>
            <design:identifier>
              <design:name></design:name>
              <design:position>2</design:position>
            </design:identifier>
          </design:attributes>
        </design:resultColumnDefinitions>
      </design:resultSetColumns>
      <design:criteria/>
    </design:resultSetDefinitions>
  </design:ResultSets>
</model:DesignValues>
