<?xml version="1.0" encoding="UTF-8"?>
<!--
 *******************************************************************************
 * Copyright (c) 2021 Contributors to the Eclipse Foundation
 * 
 * This program and the accompanying materials are made available under the
 * terms of the Eclipse Public License 2.0 which is available at
 * https://www.eclipse.org/legal/epl-2.0/.
 * 
 * SPDX-License-Identifier: EPL-2.0
 * 
 * Contributors:
 *   See git history
 *******************************************************************************
-->
<report xmlns="http://www.eclipse.org/birt/2005/design" version="3.2.23" id="1">   
    <list-property name="scriptLibs">
        <structure>
            <property name="name">/atestReport.jar</property>
        </structure>
        <structure>
            <property name="name">/atest1.jar</property>
        </structure>
        <structure>
            <property name="name">/atest2.jar</property>
        </structure>
    </list-property>
    <page-setup>
        <simple-master-page name="Simple MasterPage" id="2">
            <page-footer>
                <text id="3"/>
            </page-footer>
        </simple-master-page>
    </page-setup>
    <body>
        <label name="NewLabel" id="6"/>
    </body>
</report>
