<?xml version="1.0" encoding="UTF-8"?>
<!--
 *******************************************************************************
 * Copyright (c) 2021 Contributors to the Eclipse Foundation
 * 
 * This program and the accompanying materials are made available under the
 * terms of the Eclipse Public License 2.0 which is available at
 * https://www.eclipse.org/legal/epl-2.0/.
 * 
 * SPDX-License-Identifier: EPL-2.0
 * 
 * Contributors:
 *   See git history
 *******************************************************************************
-->
<report xmlns="http://www.eclipse.org/birt/2005/design" version="3.2.20" id="1">
    <property name="layoutPreference">auto layout</property>
    <list-property name="libraries">
        <structure>
            <property name="fileName">Reg_130271_lib.xml</property>
            <property name="namespace">lib</property>
        </structure>
    </list-property>
    <data-sources>
        <oda-data-source extensionID="org.eclipse.birt.report.data.oda.jdbc" name="dsource" id="2"
 extends="lib.Data Source"/>
    </data-sources>
    <data-sets>
        <oda-data-set extensionID="org.eclipse.birt.report.data.oda.jdbc.JdbcSelectDataSet" name="dset" id="3"
 extends="lib.Data Set"/>
    </data-sets>
</report>
