<?xml version="1.0" encoding="UTF-8"?>
<!--
 *******************************************************************************
 * Copyright (c) 2021 Contributors to the Eclipse Foundation
 * 
 * This program and the accompanying materials are made available under the
 * terms of the Eclipse Public License 2.0 which is available at
 * https://www.eclipse.org/legal/epl-2.0/.
 * 
 * SPDX-License-Identifier: EPL-2.0
 * 
 * Contributors:
 *   See git history
 *******************************************************************************
-->
<report xmlns="http://www.eclipse.org/birt/2005/design" version="3.2.23" id="1">
    <page-setup>
        <graphic-master-page name="page" id="2"/>
    </page-setup>
    <body>
        <free-form name="parent" id="3">
            <property name="comments">Sample Section</property>
            <report-items>
                <label name="label" id="4">
                    <text-property name="displayName" key="hello">he</text-property>
                </label>
                <free-form name="child" id="5">
                    <property name="comments">Sample Section</property>
                    <report-items>
                        <label name="labelTwo" id="6">
                            <text-property name="displayName" key="hello">he</text-property>
                        </label>
                    </report-items>
                </free-form>
            </report-items>
        </free-form>
    </body>
</report>
