<?xml version="1.0" encoding="UTF-8"?>
<!--
 *******************************************************************************
 * Copyright (c) 2021 Contributors to the Eclipse Foundation
 * 
 * This program and the accompanying materials are made available under the
 * terms of the Eclipse Public License 2.0 which is available at
 * https://www.eclipse.org/legal/epl-2.0/.
 * 
 * SPDX-License-Identifier: EPL-2.0
 * 
 * Contributors:
 *   See git history
 *******************************************************************************
-->
<library xmlns="http://www.eclipse.org/birt/2005/design" version="3.2.23" id="1">
    <property name="theme">theme_1</property>
    <themes>
        <theme name="theme_1" id="2">
            <styles>
                <style name="My style" id="3"/>
                <style name="test-style" id="4"/>
                <style name="Test-Style1" id="5"/>
            </styles>
        </theme>
    </themes>
    <components>
        <label name="label_1" id="6">
            <property name="style">My style</property>
        </label>
        <label name="label_2" id="7">
            <property name="style">test-style</property>
        </label>
        <label name="label_3" id="8">
            <property name="style">Test-Style1</property>
        </label>
    </components>
</library>
