<?xml version="1.0" encoding="UTF-8"?>
<!--
 *******************************************************************************
 * Copyright (c) 2021 Contributors to the Eclipse Foundation
 * 
 * This program and the accompanying materials are made available under the
 * terms of the Eclipse Public License 2.0 which is available at
 * https://www.eclipse.org/legal/epl-2.0/.
 * 
 * SPDX-License-Identifier: EPL-2.0
 * 
 * Contributors:
 *   See git history
 *******************************************************************************
-->
<report xmlns="http://www.eclipse.org/birt/2005/design" version="3.2.23" id="1">
    <list-property name="libraries">
        <structure>
            <property name="fileName">CopyUtilLib.xml</property>
            <property name="namespace">new_library</property>
        </structure>
    </list-property>
    <data-sources>
        <oda-data-source name="myDataSource2" id="2"/>
    </data-sources>
    <data-sets>
        <oda-data-set name="firstDataSet" id="3">
            <property name="dataSource">myDataSource</property>
        </oda-data-set>
    </data-sets>
    <page-setup>
        <graphic-master-page name="My Page" id="4"/>
    </page-setup>
    <body>
        <label name="Body Label" id="5" extends="new_library.Base Label">
            <text-property name="text">body text</text-property>
        </label>
        <label name="Body Label1" id="9" extends="new_library.Base Label">
            <text-property name="text">body text</text-property>
        </label>
    </body>
</report>
