<!--
 *******************************************************************************
 * Copyright (c) 2021 Contributors to the Eclipse Foundation
 * 
 * This program and the accompanying materials are made available under the
 * terms of the Eclipse Public License 2.0 which is available at
 * https://www.eclipse.org/legal/epl-2.0/.
 * 
 * SPDX-License-Identifier: EPL-2.0
 * 
 * Contributors:
 *   See git history
 *******************************************************************************
-->
<structure>
    <property name="linkType">drill-through</property>
    <property name="reportName">iserver/report1</property>
    <list-property name="paramBindings">
        <structure>
            <property name="paramName">param0</property>
            <simple-property-list name="expression">
            	<value>exp0</value>
            </simple-property-list>
        </structure>
    </list-property>
    <list-property name="search">
        <structure>
            <expression name="expression">searchKey1</expression>
        </structure>
    </list-property>
</structure>
