<?xml version="1.0" encoding="UTF-8"?>
<!--
 *******************************************************************************
 * Copyright (c) 2021 Contributors to the Eclipse Foundation
 * 
 * This program and the accompanying materials are made available under the
 * terms of the Eclipse Public License 2.0 which is available at
 * https://www.eclipse.org/legal/epl-2.0/.
 * 
 * SPDX-License-Identifier: EPL-2.0
 * 
 * Contributors:
 *   See git history
 *******************************************************************************
-->
<report xmlns="http://www.eclipse.org/birt/2005/design" version="3.2.23" id="1">
    <parameters>
        <scalar-parameter name="MyParam1" id="4">
            <list-property name="boundDataColumns">
                <structure>
                    <property name="name">COLUMN_1</property>
                    <expression name="expression">column1 expr</expression>
                    <property name="dataType">integer</property>
                    <property name="aggregateFunction">sum 2</property>
                </structure>
                <structure>
                    <property name="name">COLUMN_2</property>
                    <expression name="expression">column2 expr</expression>
                    <property name="dataType">integer</property>
                    <property name="aggregateFunction">MAX</property>
                </structure>
                <structure>
                    <property name="name">column3</property>
                    <property name="aggregateFunction">count 2</property>
                </structure>
            </list-property>
        </scalar-parameter>
    </parameters>
</report>
