<?xml version="1.0" encoding="UTF-8"?>
<!--
 *******************************************************************************
 * Copyright (c) 2021 Contributors to the Eclipse Foundation
 * 
 * This program and the accompanying materials are made available under the
 * terms of the Eclipse Public License 2.0 which is available at
 * https://www.eclipse.org/legal/epl-2.0/.
 * 
 * SPDX-License-Identifier: EPL-2.0
 * 
 * Contributors:
 *   See git history
 *******************************************************************************
-->
<report xmlns="http://www.eclipse.org/birt/2005/design" version="3.2.23" id="1">
    <body>
        <table name="table1" id="5">
            <list-property name="filter">
                <structure>
                    <expression name="expr">row["filter1ValueExpr"]</expression>
                    <simple-property-list name="value1">
                    	<value>row["filter1Value1"]</value>
                    </simple-property-list>
                    <expression name="value2">row["filter1Value2"]</expression>
                </structure>
            </list-property>
            <column id="16"/>
            <column id="17"/>
            <header>
                <row id="6">
                    <cell id="7">
                        <data name="data1" id="8">
                            <structure name="toc">
                                <expression name="expressionValue">row["value1"]</expression>
                            </structure>
                            <property name="resultSetColumn">row["valueExpr"]</property>
                        </data>
                    </cell>
                    <cell id="9"/>
                </row>
            </header>
            <detail>
                <row id="10">
                    <cell id="11"/>
                    <cell id="12"/>
                </row>
            </detail>
            <footer>
                <row id="13">
                    <cell id="14"/>
                    <cell id="15"/>
                </row>
            </footer>
        </table>
    </body>
</report>
