<?xml version="1.0" encoding="UTF-8"?>
<!--
 *******************************************************************************
 * Copyright (c) 2021 Contributors to the Eclipse Foundation
 * 
 * This program and the accompanying materials are made available under the
 * terms of the Eclipse Public License 2.0 which is available at
 * https://www.eclipse.org/legal/epl-2.0/.
 * 
 * SPDX-License-Identifier: EPL-2.0
 * 
 * Contributors:
 *   See git history
 *******************************************************************************
-->
<report xmlns="http://www.eclipse.org/birt/2005/design" version="3.2.23" id="1">
    <body>
        <data name="data1" id="5">
            <list-property name="boundDataColumns">
                <structure>
                    <property name="name">column1</property>
                    <expression name="expression">dataSetRow["column1"]</expression>
                </structure>
                <structure>
                    <property name="name">column2</property>
                    <expression name="expression">dataSetRow["column2"]</expression>
                </structure>
                <structure>
                    <property name="name">row["column1"] + row["column2"]</property>
                    <expression name="expression">row["column1"] + row["column2"]</expression>
                </structure>
            </list-property>
            <property name="resultSetColumn">row["column1"] + row["column2"]</property>
        </data>
        <table name="table1" id="6">
            <list-property name="boundDataColumns">
                <structure>
                    <property name="name">value1</property>
                    <expression name="expression">dataSetRow["value1"]</expression>
                </structure>
                <structure>
                    <property name="name">value2</property>
                    <expression name="expression">dataSetRow["value2"]</expression>
                </structure>
                <structure>
                    <property name="name">row["value1"] + row["value2"]</property>
                    <expression name="expression">row["value1"] + row["value2"]</expression>
                </structure>
            </list-property>
            <column id="17"/>
            <column id="18"/>
            <header>
                <row id="7">
                    <cell id="8">
                        <data name="data2" id="9">
                            <property name="resultSetColumn">row["value1"] + row["value2"]</property>
                        </data>
                    </cell>
                    <cell id="10"/>
                </row>
            </header>
            <detail>
                <row id="11">
                    <cell id="12"/>
                    <cell id="13"/>
                </row>
            </detail>
            <footer>
                <row id="14">
                    <cell id="15"/>
                    <cell id="16"/>
                </row>
            </footer>
        </table>
    </body>
</report>
