<?xml version="1.0" encoding="UTF-8"?>
<!--
 *******************************************************************************
 * Copyright (c) 2021 Contributors to the Eclipse Foundation
 * 
 * This program and the accompanying materials are made available under the
 * terms of the Eclipse Public License 2.0 which is available at
 * https://www.eclipse.org/legal/epl-2.0/.
 * 
 * SPDX-License-Identifier: EPL-2.0
 * 
 * Contributors:
 *   See git history
 *******************************************************************************
-->
<report xmlns="http://www.eclipse.org/birt/2005/design" version="3.2.23" id="1">
    <cubes>
        <tabular-cube name="Customer Cube" id="8">
            <property name="dimensions">
                <tabular-dimension name="Group1" id="108">
                    <property name="hierarchies">
                        <tabular-hierarchy name="NewTabularHierarchy1" id="109"/>
                    </property>
                </tabular-dimension>
            </property>
            <list-property name="dimensionConditions">
                <structure>
                    <property name="hierarchy">NewTabularHierarchy1</property>
                </structure>
            </list-property>
        </tabular-cube>
    </cubes>
    <page-setup>
        <simple-master-page name="Simple MasterPage" id="2">
            <page-footer>
                <text id="3">
                    <property name="contentType">html</property>
                    <text-property name="content"><![CDATA[<value-of>new Date()</value-of>]]></text-property>
                </text>
            </page-footer>
        </simple-master-page>
    </page-setup>
</report>
