<?xml version="1.0" encoding="UTF-8"?>
<!--
 *******************************************************************************
 * Copyright (c) 2021 Contributors to the Eclipse Foundation
 * 
 * This program and the accompanying materials are made available under the
 * terms of the Eclipse Public License 2.0 which is available at
 * https://www.eclipse.org/legal/epl-2.0/.
 * 
 * SPDX-License-Identifier: EPL-2.0
 * 
 * Contributors:
 *   See git history
 *******************************************************************************
-->
<library xmlns="http://www.eclipse.org/birt/2005/design" version="3.2.23" id="1">
    <property name="theme">defaultTheme</property>
    <themes>
        <theme name="defaultTheme" id="2"/>
    </themes>
    <components>
        <table name="table" id="3">
            <property name="fontFamily">"Times New Roman"</property>
            <header>
                <row id="4">
                    <property name="textAlign">center</property>
                    <cell id="5"/>
                </row>
            </header>
            <detail>
                <row id="6">
                    <cell id="7"/>
                </row>
            </detail>
        </table>
    </components>
</library>
