<?xml version="1.0" encoding="UTF-8"?>
<!--
 *******************************************************************************
 * Copyright (c) 2021 Contributors to the Eclipse Foundation
 * 
 * This program and the accompanying materials are made available under the
 * terms of the Eclipse Public License 2.0 which is available at
 * https://www.eclipse.org/legal/epl-2.0/.
 * 
 * SPDX-License-Identifier: EPL-2.0
 * 
 * Contributors:
 *   See git history
 *******************************************************************************
-->
<library xmlns="http://www.eclipse.org/birt/2005/design" version="3.2.23" id="1">
    <themes>
        <theme name="defaultTheme" id="2"/>
    </themes>
    <components>
        <extended-item extensionName="TestingMatrix" name="test" id="3">
            <property name="test2">22</property>
            <xml-property name="test3"><![CDATA[type=bar,xScale=2,yScale=3,lineStyle=normal]]></xml-property>
            <property name="test5">choice2</property>
            <property name="dataSet">firstDataSet</property>
        </extended-item>
    </components>
</library>
