<?xml version="1.0" encoding="UTF-8"?>
<!--
 *******************************************************************************
 * Copyright (c) 2021 Contributors to the Eclipse Foundation
 * 
 * This program and the accompanying materials are made available under the
 * terms of the Eclipse Public License 2.0 which is available at
 * https://www.eclipse.org/legal/epl-2.0/.
 * 
 * SPDX-License-Identifier: EPL-2.0
 * 
 * Contributors:
 *   See git history
 *******************************************************************************
-->
<library xmlns="http://www.eclipse.org/birt/2005/design" version="3.2.23" id="1">
	<property name="theme">defaultTheme</property>
    <themes>
        <theme name="theme1" id="5">
            <styles>
                <style name="style1" id="6">
                    <property name="borderBottomColor">#CCCCCC</property>
                </style>
                <style name="report" id="7">
                	<property name="fontFamily">"Verdana"</property>
            		<property name="fontSize">10pt</property>	
                </style>
            </styles>
        </theme>
    </themes>
</library>
