<?xml version="1.0" encoding="UTF-8"?>
<!--
 *******************************************************************************
 * Copyright (c) 2021 Contributors to the Eclipse Foundation
 * 
 * This program and the accompanying materials are made available under the
 * terms of the Eclipse Public License 2.0 which is available at
 * https://www.eclipse.org/legal/epl-2.0/.
 * 
 * SPDX-License-Identifier: EPL-2.0
 * 
 * Contributors:
 *   See git history
 *******************************************************************************
-->
<library xmlns="http://www.eclipse.org/birt/2005/design" version="3.2.23" id="1">
    <property name="units">in</property>
    <property name="theme">defaultTheme</property>
    <themes>
        <theme name="defaultTheme" id="4"/>
    </themes>
    <components>
        <grid name="a" id="50">
            <row id="51">
                <cell id="52"/>
                <cell id="53">
                    <label name="b" id="54"/>
                </cell>
                <cell id="55"/>
            </row>
        </grid>
        <label name="NewLabel" id="56"/>
        <grid name="NewGrid" id="57">
            <property name="width">100%</property>
            <column id="58"/>
            <column id="59"/>
            <column id="60"/>
            <row id="61">
                <cell id="62"/>
                <cell id="63"/>
                <cell id="64"/>
            </row>
            <row id="65">
                <cell id="66"/>
                <cell id="67">
                    <label id="68"/>
                </cell>
                <cell id="69">
                    <label name="test" id="70"/>
                </cell>
            </row>
            <row id="71">
                <cell id="72"/>
                <cell id="73"/>
                <cell id="74"/>
            </row>
        </grid>
    </components>
    <page-setup>
        <simple-master-page name="NewSimpleMasterPage" id="3"/>
    </page-setup>
</library>
