<?xml version="1.0" encoding="UTF-8"?>
<!--
 *******************************************************************************
 * Copyright (c) 2021 Contributors to the Eclipse Foundation
 * 
 * This program and the accompanying materials are made available under the
 * terms of the Eclipse Public License 2.0 which is available at
 * https://www.eclipse.org/legal/epl-2.0/.
 * 
 * SPDX-License-Identifier: EPL-2.0
 * 
 * Contributors:
 *   See git history
 *******************************************************************************
-->
<report xmlns="http://www.eclipse.org/birt/2005/design" version="3.2.23" id="1">
    <list-property name="libraries">
        <structure>
            <property name="fileName">Library.xml</property>
            <property name="namespace">lib</property>
        </structure>
    </list-property>
    <body>
        <label name="NewLabel" id="5" extends="lib.base"/>
        <table name="NewTable" id="6" extends="lib.libTable1">
            <overridden-values>
                <ref-entry baseId="9" id="9"/>
                <ref-entry baseId="10" id="10"/>
                <ref-entry baseId="11" id="11"/>
                <ref-entry baseId="12" id="12"/>
                <ref-entry baseId="13" id="13"/>
                <ref-entry baseId="14" name="label_1_1" id="14"/>
                <ref-entry baseId="15" id="15"/>
                <ref-entry baseId="16" name="label_1_2" id="16"/>
                <ref-entry baseId="17" id="17"/>
                <ref-entry baseId="18" id="18"/>
                <ref-entry baseId="19" name="libInnerTable" id="19"/>
                <ref-entry baseId="20" id="20"/>
                <ref-entry baseId="21" id="21"/>
                <ref-entry baseId="22" name="libInnerText" id="22"/>
                <ref-entry baseId="23" id="23"/>
                <ref-entry baseId="24" id="24"/>
                <ref-entry baseId="25" id="25"/>
            </overridden-values>
        </table>
    </body>
</report>
