<?xml version="1.0" encoding="UTF-8"?>
<!--
 *******************************************************************************
 * Copyright (c) 2021 Contributors to the Eclipse Foundation
 * 
 * This program and the accompanying materials are made available under the
 * terms of the Eclipse Public License 2.0 which is available at
 * https://www.eclipse.org/legal/epl-2.0/.
 * 
 * SPDX-License-Identifier: EPL-2.0
 * 
 * Contributors:
 *   See git history
 *******************************************************************************
-->
<report xmlns="http://www.eclipse.org/birt/2005/design" version="3.2.23" id="1">
    <body>
        <table name="myTable2" id="26">
            <property name="dataSet">Data Set</property>
            <list-property name="boundDataColumns">
                <structure>
                    <property name="name">CUSTOMERNUMBER</property>
                    <expression name="expression">dataSetRow["CUSTOMERNUMBER"]</expression>
                    <property name="dataType">integer</property>
                </structure>
                <structure>
                    <property name="name">CUSTOMERNAME</property>
                    <expression name="expression">dataSetRow["CUSTOMERNAME"]</expression>
                    <property name="dataType">string</property>
                </structure>
            </list-property>
            <group id="30">
                <property name="groupName">group1</property>
                <expression name="keyExpr">row["CUSTOMERNAME"]</expression>
                <list-property name="sort">
                    <structure>
                        <expression name="key">table 1 name</expression>
                        <property name="direction">asc</property>
                    </structure>
                </list-property>
                <list-property name="filter">
                    <structure>
                        <property name="operator">lt</property>
                        <expression name="expr">table 1 filter expression</expression>
                    </structure>
                </list-property>
            </group>
        </table>
        <list name="myList1" id="28">
            <property name="dataBindingRef">myTable2</property>
            <group id="31"/>
        </list>
    </body>
</report>
