<?xml version="1.0" encoding="UTF-8"?>
<!--
 *******************************************************************************
 * Copyright (c) 2021 Contributors to the Eclipse Foundation
 * 
 * This program and the accompanying materials are made available under the
 * terms of the Eclipse Public License 2.0 which is available at
 * https://www.eclipse.org/legal/epl-2.0/.
 * 
 * SPDX-License-Identifier: EPL-2.0
 * 
 * Contributors:
 *   See git history
 *******************************************************************************
-->
<report xmlns="http://www.eclipse.org/birt/2005/design" version="3.2.23" id="1">
    <body>
        <table name="myTable2" id="26">
            <property name="dataSet">Data Set</property>
            <list-property name="boundDataColumns">
                <structure>
                    <property name="name">CUSTOMERNUMBER</property>
                    <expression name="expression">dataSetRow["CUSTOMERNUMBER"]</expression>
                    <property name="dataType">integer</property>
                </structure>
                <structure>
                    <property name="name">CUSTOMERNAME</property>
                    <expression name="expression">dataSetRow["CUSTOMERNAME"]</expression>
                    <property name="dataType">string</property>
                </structure>
                <structure>
                    <property name="name">Aggregation</property>
                    <property name="dataType">integer</property>
                    <simple-property-list name="aggregateOn">
                        <value>group1</value>
                    </simple-property-list>
                    <property name="aggregateFunction">COUNT</property>
                    <list-property name="arguments">
                        <structure>
                            <property name="name">Expression</property>
                        </structure>
                    </list-property>
                </structure>
            </list-property>
            <group id="31">
                <property name="groupName">group1</property>
                <expression name="keyExpr">row["CUSTOMERNAME"]</expression>
            </group>
        </table>
        <list name="myList1" id="28">
            <property name="dataBindingRef">myTable2</property>
            <group id="32"/>
        </list>
        <data id="30">
            <property name="dataSet">Data Set</property>
            <list-property name="boundDataColumns">
                <structure>
                    <property name="name">CUSTOMERNUMBER</property>
                    <expression name="expression">dataSetRow["CUSTOMERNUMBER"]</expression>
                    <property name="dataType">integer</property>
                </structure>
                <structure>
                    <property name="name">CUSTOMERNAME</property>
                    <expression name="expression">dataSetRow["CUSTOMERNAME"]</expression>
                    <property name="dataType">string</property>
                </structure>
            </list-property>
        </data>
    </body>
</report>
