<?xml version="1.0" encoding="UTF-8"?>
<!--
 *******************************************************************************
 * Copyright (c) 2021 Contributors to the Eclipse Foundation
 * 
 * This program and the accompanying materials are made available under the
 * terms of the Eclipse Public License 2.0 which is available at
 * https://www.eclipse.org/legal/epl-2.0/.
 * 
 * SPDX-License-Identifier: EPL-2.0
 * 
 * Contributors:
 *   See git history
 *******************************************************************************
-->
<report xmlns="http://www.eclipse.org/birt/2005/design" version="3.2.23" id="1">
    <translations>
        <resource key="ResourceKey.testKey1">
            <translation locale="en_AF">text for AF</translation>
            <translation locale="en">text en</translation>
            <translation locale="en_US">text en_US</translation>
            <translation locale="en_AU">text en_AU</translation>
        </resource>
        <resource key="ResourceKey.testKey2">
            <translation locale="en">ABC</translation>
            <translation>DEFAULT</translation>
        </resource>
    </translations>
</report>
