<?xml version="1.0" encoding="UTF-8"?>
<!--
 *******************************************************************************
 * Copyright (c) 2021 Contributors to the Eclipse Foundation
 * 
 * This program and the accompanying materials are made available under the
 * terms of the Eclipse Public License 2.0 which is available at
 * https://www.eclipse.org/legal/epl-2.0/.
 * 
 * SPDX-License-Identifier: EPL-2.0
 * 
 * Contributors:
 *   See git history
 *******************************************************************************
-->
<report xmlns="http://www.eclipse.org/birt/2005/design" version="3.2.23" id="1">
    <data-sources>
        <oda-data-source name="myDataSource" id="2"/>
    </data-sources>
    <data-sets>
        <oda-data-set name="firstDataSet" id="3">
            <structure name="cachedMetaData">
                <list-property name="parameters">
                    <structure>
                        <property name="name">inputParam1</property>
                        <property name="dataType">float</property>
                        <property name="position">5</property>
                        <property name="allowNull">true</property>
                    </structure>
                    <structure>
                        <property name="name">outputParam1</property>
                        <property name="dataType">integer</property>
                        <property name="position">4</property>
                    </structure>
                </list-property>
                <list-property name="resultSet">
                    <structure>
                        <property name="position">6</property>
                        <property name="name">student</property>
                        <property name="dataType">string</property>
                    </structure>
                </list-property>
            </structure>
            <property name="dataSource">myDataSource</property>
        </oda-data-set>
    </data-sets>
</report>
