<?xml version="1.0" encoding="UTF-8"?>
<!--
 *******************************************************************************
 * Copyright (c) 2021 Contributors to the Eclipse Foundation
 * 
 * This program and the accompanying materials are made available under the
 * terms of the Eclipse Public License 2.0 which is available at
 * https://www.eclipse.org/legal/epl-2.0/.
 * 
 * SPDX-License-Identifier: EPL-2.0
 * 
 * Contributors:
 *   See git history
 *******************************************************************************
-->
<report xmlns="http://www.eclipse.org/birt/2005/design" version="3.2.23" id="1">
    <parameters>
        <cascading-parameter-group name="Country-State-City" id="4">
            <text-property name="displayName">new name</text-property>
            <text-property name="promptText" key="new prompt text id">new prompt text</text-property>
            <property name="dataSet">ds1</property>
            <property name="dataSetMode">single</property>
            <parameters>
                <scalar-parameter name="Country" id="5">
                    <text-property name="displayName">Country</text-property>
                    <property name="valueType">dynamic</property>
                    <property name="dataSetName">ds1</property>
                    <expression name="valueExpr">country</expression>
                    <expression name="labelExpr">Enter country:</expression>
                </scalar-parameter>
                <scalar-parameter name="State" id="6">
                    <text-property name="displayName">State</text-property>
                    <property name="valueType">dynamic</property>
                    <property name="dataSetName">ds1</property>
                    <expression name="valueExpr">state</expression>
                    <expression name="labelExpr">Enter state:</expression>
                </scalar-parameter>
                <scalar-parameter name="City" id="7">
                    <text-property name="displayName">City</text-property>
                    <property name="valueType">dynamic</property>
                    <property name="dataSetName">ds1</property>
                    <expression name="valueExpr">city</expression>
                    <expression name="labelExpr">Enter city:</expression>
                </scalar-parameter>
            </parameters>
        </cascading-parameter-group>
    </parameters>
    <data-sources>
        <oda-data-source name="DataSource" id="2"/>
    </data-sources>
    <data-sets>
        <oda-data-set name="ds1" id="3">
            <property name="dataSource">DataSource</property>
        </oda-data-set>
    </data-sets>
</report>
