<?xml version="1.0" encoding="UTF-8"?>
<!--
 *******************************************************************************
 * Copyright (c) 2021 Contributors to the Eclipse Foundation
 * 
 * This program and the accompanying materials are made available under the
 * terms of the Eclipse Public License 2.0 which is available at
 * https://www.eclipse.org/legal/epl-2.0/.
 * 
 * SPDX-License-Identifier: EPL-2.0
 * 
 * Contributors:
 *   See git history
 *******************************************************************************
-->
<report xmlns="http://www.eclipse.org/birt/2005/design" version="3.2.23" id="1">
    <property name="layoutPreference">auto layout</property>
    <data-sources>
        <oda-data-source name="myDataSource1" id="2"/>
        <oda-data-source name="myDataSource2" id="3"/>
    </data-sources>
    <data-sets>
        <script-data-set name="firstDataSet" id="4">
            <list-property name="resultSetHints">
                <structure>
                    <property name="position">1</property>
                    <property name="name">column 1</property>
                </structure>
                <structure>
                    <property name="position">2</property>
                    <property name="name">column 2</property>
                    <property name="dataType">date-time</property>
                </structure>
                <structure>
                    <property name="position">3</property>
                </structure>
            </list-property>
            <property name="dataSource">myDataSource</property>
        </script-data-set>
    </data-sets>
    <page-setup>
        <graphic-master-page name="My Page" id="5">
        	<property name="topMargin">1in</property>
            <property name="leftMargin">1.25in</property>
            <property name="bottomMargin">1in</property>
            <property name="rightMargin">1.25in</property>
            <property name="columns">1</property>
            <property name="columnSpacing">0.25mm</property>
        </graphic-master-page>
    </page-setup>
</report>
