<?xml version="1.0" encoding="UTF-8"?>
<!--
 *******************************************************************************
 * Copyright (c) 2021 Contributors to the Eclipse Foundation
 * 
 * This program and the accompanying materials are made available under the
 * terms of the Eclipse Public License 2.0 which is available at
 * https://www.eclipse.org/legal/epl-2.0/.
 * 
 * SPDX-License-Identifier: EPL-2.0
 * 
 * Contributors:
 *   See git history
 *******************************************************************************
-->
<report xmlns="http://www.eclipse.org/birt/2005/design" version="3.2.23" id="1">
    <property name="layoutPreference">auto layout</property>
    <parameters>
        <scalar-parameter name="Param" id="2">
            <property name="valueType">dynamic</property>
            <expression name="valueExpr">value column</expression>
            <property name="sortBy">value</property>
            <expression name="sortByColumn">value column</expression>
        </scalar-parameter>
        <scalar-parameter name="Param 1" id="3">
            <property name="valueType">dynamic</property>
            <expression name="labelExpr">label column</expression>
            <property name="sortBy">label</property>
            <expression name="sortByColumn">label column</expression>
        </scalar-parameter>
        <scalar-parameter name="Param 2" id="4">
            <property name="valueType">static</property>
            <expression name="labelExpr">label column</expression>
            <property name="sortBy">label</property>
        </scalar-parameter>
        <cascading-parameter-group name="Country-State-City" id="5">
            <parameters>
                <scalar-parameter name="cascade 1" id="6">
                    <expression name="valueExpr">value column</expression>
                    <property name="sortBy">value</property>
                    <expression name="sortByColumn">value column</expression>
                </scalar-parameter>
                <scalar-parameter name="cascade 2" id="7">
                    <expression name="labelExpr">label column</expression>
                    <property name="sortBy">label</property>
                    <expression name="sortByColumn">label column</expression>
                </scalar-parameter>
            </parameters>
        </cascading-parameter-group>
    </parameters>
</report>
