<?xml version="1.0" encoding="UTF-8"?>
<!--
 *******************************************************************************
 * Copyright (c) 2021 Contributors to the Eclipse Foundation
 * 
 * This program and the accompanying materials are made available under the
 * terms of the Eclipse Public License 2.0 which is available at
 * https://www.eclipse.org/legal/epl-2.0/.
 * 
 * SPDX-License-Identifier: EPL-2.0
 * 
 * Contributors:
 *   See git history
 *******************************************************************************
-->
<report xmlns="http://www.eclipse.org/birt/2005/design" version="3.2.23" id="1">
    <property name="layoutPreference">auto layout</property>
    <body>
    	<extended-item extensionName="TestingAction" name="action1" id="2">
        	<property name="variables">
		        <variable-element name="extendedvariable1"/>
				<variable-element name="extendedvariable2"/>
		        <variable-element/>
		    </property>
	    </extended-item>
    </body>
    <property name="pageVariables">
    	<variable-element name="variable1"/>
		<variable-element name="variable2"/>
		<variable-element name="NewVariableElement"/>
    </property>
</report>
