<?xml version="1.0" encoding="UTF-8"?>
<!--
 *******************************************************************************
 * Copyright (c) 2021 Contributors to the Eclipse Foundation
 * 
 * This program and the accompanying materials are made available under the
 * terms of the Eclipse Public License 2.0 which is available at
 * https://www.eclipse.org/legal/epl-2.0/.
 * 
 * SPDX-License-Identifier: EPL-2.0
 * 
 * Contributors:
 *   See git history
 *******************************************************************************
-->
<report xmlns="http://www.eclipse.org/birt/2005/design" version="3.2.23" id="1">
	<property name="eventHandlerClass">birt.js.newTableHandler</property>
    <property name="newHandlerOnEachEvent">true</property>
    <property name="layoutPreference">auto layout</property>
    <body>
        <table id="11">
            <group id="27">
            	<property name="groupName">NewTableGroup1</property>
            </group>
            <detail>
                <row id="16">
                    <cell id="17"/>
                    <cell id="18"/>
                    <cell id="19"/>
                </row>
            </detail>
        </table>
        <table id="36">
        	<property name="eventHandlerClass">birt.js.newTableHandler</property>
        	<property name="newHandlerOnEachEvent">true</property>
            <group id="52">
            	<property name="groupName">NewTableGroup2</property>
                <property name="eventHandlerClass">birt.js.newTableHandler</property>
                <property name="newHandlerOnEachEvent">true</property>
            </group>
            <detail>
                <row id="41">
                <property name="eventHandlerClass">birt.js.newTableHandler</property>
                <property name="newHandlerOnEachEvent">true</property>
                    <cell id="42">
                    	<property name="eventHandlerClass">birt.js.newTableHandler</property>
                    	<property name="newHandlerOnEachEvent">true</property>
                    </cell>
                    <cell id="43"/>
                    <cell id="44"/>
                </row>
            </detail>
        </table>
    </body>
</report>
