<?xml version="1.0" encoding="UTF-8"?>
<!--
 *******************************************************************************
 * Copyright (c) 2021 Contributors to the Eclipse Foundation
 * 
 * This program and the accompanying materials are made available under the
 * terms of the Eclipse Public License 2.0 which is available at
 * https://www.eclipse.org/legal/epl-2.0/.
 * 
 * SPDX-License-Identifier: EPL-2.0
 * 
 * Contributors:
 *   See git history
 *******************************************************************************
-->
<report xmlns="http://www.eclipse.org/birt/2005/design" version="3.2.23" id="1">
    <property name="layoutPreference">auto layout</property>
    <data-sources>
        <oda-data-source extensionID="org.eclipse.datatools.enablement.oda.xml" name="myDataSource" id="2">
            <property name="FILELIST">D:\Develop\Report\CustomerOffer.xml</property>
            <property name="SCHEMAFILELIST">D:\Develop\Report\CustomerOffer.xsd</property>
        </oda-data-source>
    </data-sources>
    <data-sets>
        <oda-data-set extensionID="org.eclipse.datatools.enablement.oda.xml.dataSet" name="myDataSet" id="3">
            <property name="dataSource">myDataSource</property>
            <list-property name="privateDriverProperties">
                <ex-property>
                    <name>MAX_ROW</name>
                    <value>1</value>
                </ex-property>
                <ex-property>
                    <name>XML_FILE</name>
                    <value>D:\BookStore.xml</value>
                </ex-property>
            </list-property>
        </oda-data-set>
    </data-sets>
</report>
