<?xml version="1.0" encoding="UTF-8"?>
<!--
 *******************************************************************************
 * Copyright (c) 2021 Contributors to the Eclipse Foundation
 * 
 * This program and the accompanying materials are made available under the
 * terms of the Eclipse Public License 2.0 which is available at
 * https://www.eclipse.org/legal/epl-2.0/.
 * 
 * SPDX-License-Identifier: EPL-2.0
 * 
 * Contributors:
 *   See git history
 *******************************************************************************
-->
<report xmlns="http://www.eclipse.org/birt/2005/design" version="3.2.23" id="1">
    <property name="layoutPreference">auto layout</property>
    <data-sources>
        <oda-data-source name="myDataSource" id="2"/>
    </data-sources>
    <data-sets>
        <oda-data-set name="firstDataSet" id="3">
            <property name="dataSource">myDataSource</property>
        </oda-data-set>
    </data-sets>
    <page-setup>
        <graphic-master-page name="My Page" id="4">
        	<property name="topMargin">1in</property>
            <property name="leftMargin">1.25in</property>
            <property name="bottomMargin">1in</property>
            <property name="rightMargin">1.25in</property>
            <property name="columns">1</property>
            <property name="columnSpacing">0.25mm</property>
        </graphic-master-page>
    </page-setup>
    <body>
        <list name="My List" id="5">
            <property name="dataSet">firstDataSet</property>
            <property name="pageBreakInterval">50</property>
            <group id="6">
                <property name="groupName">NewListGroup1</property>
                <property name="intervalBase">101</property>
            </group>
        </list>
    </body>
</report>
