<?xml version="1.0" encoding="UTF-8"?>
<!--
 *******************************************************************************
 * Copyright (c) 2021 Contributors to the Eclipse Foundation
 * 
 * This program and the accompanying materials are made available under the
 * terms of the Eclipse Public License 2.0 which is available at
 * https://www.eclipse.org/legal/epl-2.0/.
 * 
 * SPDX-License-Identifier: EPL-2.0
 * 
 * Contributors:
 *   See git history
 *******************************************************************************
-->
<report xmlns="http://www.eclipse.org/birt/2005/design" version="3.2.23" id="1">
	<property name="layoutPreference">auto layout</property>
	<parameters>
		<scalar-parameter name="Param 1" id="3">
        	<text-property name="displayName" key="message.computedColumn.displayName">displayName</text-property>
        </scalar-parameter>
	</parameters>
	<data-sets>
		<joint-data-set name="JointDataSet" id="2">
    		<list-property name="computedColumns">
                <structure>
                    <text-property name="displayName" key="message.computedColumn.username">User Name</text-property>
                </structure>
            </list-property>
            <list-property name="columnHints">
                <structure>
                    <text-property name="displayName" key="message.column-hint.username">User Name</text-property>
                    <text-property name="helpText" key="message.column-hint.help">Help me!</text-property>
                </structure>
            </list-property>
    	</joint-data-set>
	</data-sets>
    <body>
        <data name="Body Data" id="4">
			<list-property name="boundDataColumns">
				<structure>
					<text-property name="displayName" key="ResourceKey.DisplayName">Display data value</text-property>
				</structure>
			</list-property>
        </data>
    </body>
</report>
