<?xml version="1.0" encoding="UTF-8"?>
<!--
 *******************************************************************************
 * Copyright (c) 2021 Contributors to the Eclipse Foundation
 * 
 * This program and the accompanying materials are made available under the
 * terms of the Eclipse Public License 2.0 which is available at
 * https://www.eclipse.org/legal/epl-2.0/.
 * 
 * SPDX-License-Identifier: EPL-2.0
 * 
 * Contributors:
 *   See git history
 *******************************************************************************
-->
<report xmlns="http://www.eclipse.org/birt/2005/design" version="3.2.23" id="1">
    <property name="layoutPreference">auto layout</property>
    <page-setup>
        <simple-master-page name="Simple MasterPage" id="2">
            <property name="topMargin">1in</property>
            <property name="leftMargin">1.25in</property>
            <property name="bottomMargin">1in</property>
            <property name="rightMargin">1.25in</property>
        </simple-master-page>
    </page-setup>
</report>
