<?xml version="1.0" encoding="UTF-8"?>
<!--
 *******************************************************************************
 * Copyright (c) 2021 Contributors to the Eclipse Foundation
 * 
 * This program and the accompanying materials are made available under the
 * terms of the Eclipse Public License 2.0 which is available at
 * https://www.eclipse.org/legal/epl-2.0/.
 * 
 * SPDX-License-Identifier: EPL-2.0
 * 
 * Contributors:
 *   See git history
 *******************************************************************************
-->
<report xmlns="http://www.eclipse.org/birt/2005/design" version="3.2.23" id="1">
    <data-sources>
        <script-data-source name="myDataSource" id="4"/>
    </data-sources>
    <data-sets>
        <script-data-set name="firstDataSet" id="5">
            <property name="dataSource">myDataSource</property>
        </script-data-set>
        <script-data-set name="secondDataSet" id="6">
            <property name="dataSource">myDataSource</property>
        </script-data-set>
    </data-sets>
    <cubes>
        <tabular-cube name="testCube" id="7">
            <property name="dimensions">
                <tabular-dimension name="testDimension" id="8">
                    <property name="hierarchies">
                        <tabular-hierarchy name="testHierarchy" id="9"/>
                        <tabular-hierarchy name="testHierarchy_1" id="10"/>
                        <tabular-hierarchy name="testHierarchy_2" id="11"/>
                    </property>
                </tabular-dimension>
            </property>
            <list-property name="dimensionConditions">
                <structure>
                    <list-property name="joinConditions">
                        <structure>
                            <property name="cubeKey">cubeKey</property>
                            <property name="hierarchyKey">key</property>
                        </structure>
                        <structure>
                            <property name="cubeKey">cubeKey2</property>
                            <property name="hierarchyKey">key2</property>
                        </structure>
                        <structure>
                            <property name="cubeKey">cubeKey</property>
                            <property name="hierarchyKey">key</property>
                        </structure>
                    </list-property>
                    <property name="hierarchy">testHierarchy</property>
                </structure>
                <structure>
                    <list-property name="joinConditions">
                        <structure>
                            <property name="cubeKey">cubeKey</property>
                            <property name="hierarchyKey">key</property>
                        </structure>
                        <structure>
                            <property name="cubeKey">cubeKey</property>
                            <property name="hierarchyKey">key</property>
                        </structure>
                    </list-property>
                    <property name="hierarchy">testHierarchy_1</property>
                </structure>
                <structure>
                    <list-property name="joinConditions">
                        <structure>
                            <property name="cubeKey">cubeKey2</property>
                            <property name="hierarchyKey">key2</property>
                        </structure>
                    </list-property>
                    <property name="hierarchy">testHierarchy_2</property>
                </structure>
            </list-property>
        </tabular-cube>
    </cubes>
    <page-setup>
        <graphic-master-page name="My Page" id="2">
            <contents>
                <data id="3"/>
            </contents>
        </graphic-master-page>
    </page-setup>
</report>
