<?xml version="1.0" encoding="UTF-8"?>
<!--
 *******************************************************************************
 * Copyright (c) 2021 Contributors to the Eclipse Foundation
 * 
 * This program and the accompanying materials are made available under the
 * terms of the Eclipse Public License 2.0 which is available at
 * https://www.eclipse.org/legal/epl-2.0/.
 * 
 * SPDX-License-Identifier: EPL-2.0
 * 
 * Contributors:
 *   See git history
 *******************************************************************************
-->
<report xmlns="http://www.eclipse.org/birt/2005/design" version="3.2.23" id="1">
    <text-property name="title" key="TITLE_ID">Sample Report</text-property>
    <styles>
        <style name="My-Style" id="2">
            <property name="backgroundColor">yellow</property>
            <property name="fontFamily">"Times"</property>
            <property name="fontSize">12mm</property>
            <property name="fontWeight">bold</property>
        </style>
    </styles>
    <page-setup>
        <graphic-master-page name="My Page" id="3">
            <contents>
                <line id="4">
                    <property name="orientation">horizontal</property>
                </line>
            </contents>
        </graphic-master-page>
    </page-setup>
</report>
