<?xml version="1.0" encoding="UTF-8"?>
<!--
 *******************************************************************************
 * Copyright (c) 2021 Contributors to the Eclipse Foundation
 * 
 * This program and the accompanying materials are made available under the
 * terms of the Eclipse Public License 2.0 which is available at
 * https://www.eclipse.org/legal/epl-2.0/.
 * 
 * SPDX-License-Identifier: EPL-2.0
 * 
 * Contributors:
 *   See git history
 *******************************************************************************
-->
<report xmlns="http://www.eclipse.org/birt/2005/design" version="3.2.23" id="1">
    <data-sources>
        <oda-data-source extensionID="org.eclipse.birt.report.data.oda.jdbc" name="myDataSource1" id="2">
			<text-property name="displayName">My Data Source One</text-property>
            <property name="odaDriverClass">com.mysql.jdbc.Driver</property>
        </oda-data-source>
    </data-sources>
    <data-sets>
		<oda-data-set extensionID="org.eclipse.birt.report.data.oda.jdbc.JdbcSelectDataSet" name="myDataSet1" id="3">
            <xml-property name="queryText"><![CDATA[ test ]]&gt; test  ]]></xml-property>
        </oda-data-set>
        <oda-data-set extensionID="org.eclipse.birt.report.data.oda.jdbc.JdbcSelectDataSet" name="myDataSet2" id="4">
            <xml-property name="queryText"><![CDATA[  select * from CLASSICMODELS.CUSTOMERS test ]]&gt; test  ]]></xml-property>
        </oda-data-set>  
        <oda-data-set extensionID="org.eclipse.birt.report.data.oda.jdbc.JdbcSelectDataSet" name="myDataSet3" id="5">
            <xml-property name="queryText"><![CDATA[    ]]></xml-property>
        </oda-data-set>               
    </data-sets>
</report>
