<?xml version="1.0" encoding="UTF-8"?>
<!--
 *******************************************************************************
 * Copyright (c) 2021 Contributors to the Eclipse Foundation
 * 
 * This program and the accompanying materials are made available under the
 * terms of the Eclipse Public License 2.0 which is available at
 * https://www.eclipse.org/legal/epl-2.0/.
 * 
 * SPDX-License-Identifier: EPL-2.0
 * 
 * Contributors:
 *   See git history
 *******************************************************************************
-->
<report xmlns="http://www.eclipse.org/birt/2005/design" version="3.2.23" id="1">
    <html-property name="description">&lt;p> html &lt;/p></html-property>
    <data-sources>
        <oda-data-source name="myDataSource" id="2"/>
        <oda-data-source name="myDataSource1" id="3">
            <method name="beforeOpen"><![CDATA[  ]]></method>
        </oda-data-source>
    </data-sources>
    <page-setup>
        <graphic-master-page name="My Page" id="4"/>
    </page-setup>
    <body>
        <label name="label1" id="5">
        	 <text-property name="helpText" key=" "></text-property>
        </label>
        <data name="data1" id="6">
            <property name="resultSetColumn">a</property>
        </data>
        <text name="text1" id="7">
            <property name="contentType">auto</property>
            <text-property name="content"><![CDATA[   a   ]]></text-property>
        </text>
    </body>
    <list-property name="images">
        <structure>
            <property name="name">image1</property>
            <property name="type">image/bmp</property>
        </structure>
    </list-property>
</report>
