<?xml version="1.0" encoding="UTF-8"?>
<!--
 *******************************************************************************
 * Copyright (c) 2021 Contributors to the Eclipse Foundation
 * 
 * This program and the accompanying materials are made available under the
 * terms of the Eclipse Public License 2.0 which is available at
 * https://www.eclipse.org/legal/epl-2.0/.
 * 
 * SPDX-License-Identifier: EPL-2.0
 * 
 * Contributors:
 *   See git history
 *******************************************************************************
-->
<report xmlns="http://www.eclipse.org/birt/2005/design" version="3.2.23" id="1">
    <list-property name="propertyBindings">
        <structure>
        	<property name="name">test</property>
        	<property name="id">30</property>
        	<encrypted-property name="value" encryptionID="oneEncryptionHelper">_ab_setNewPassword</encrypted-property>
        </structure>
        <structure>
            <property name="name">pswd</property>
            <property name="id">30</property>
            <expression name="value" type="javascript">123456</expression>
        </structure>
    </list-property>
    <body>
        <extended-item extensionName="TestingTable" name="item_1" id="30">
            <encrypted-property name="pswd" encryptionID="base64">TmV3IFBhc3N3b3Jk</encrypted-property>
        </extended-item>
    </body>
</report>
