<?xml version="1.0" encoding="UTF-8"?>
<!--
 *******************************************************************************
 * Copyright (c) 2021 Contributors to the Eclipse Foundation
 * 
 * This program and the accompanying materials are made available under the
 * terms of the Eclipse Public License 2.0 which is available at
 * https://www.eclipse.org/legal/epl-2.0/.
 * 
 * SPDX-License-Identifier: EPL-2.0
 * 
 * Contributors:
 *   See git history
 *******************************************************************************
-->
<report xmlns="http://www.eclipse.org/birt/2005/design" version="3.2.23" id="1">
    <data-sources>
        <script-data-source name="myDataSource" id="2">
            <method name="beforeOpen"><![CDATA[script_beforeopen]]></method>
            <method name="beforeClose"><![CDATA[script_beforeclose]]></method>
            <method name="afterOpen"><![CDATA[script_afteropen]]></method>
            <method name="afterClose"><![CDATA[script_afterclose]]></method>
            <method name="open"><![CDATA[My open script]]></method>
            <method name="close"><![CDATA[My close script]]></method>
        </script-data-source>
    </data-sources>
    <page-setup>
        <graphic-master-page name="My Page" id="3">
            <property name="columns">1</property>
            <property name="columnSpacing">0.25mm</property>
        </graphic-master-page>
    </page-setup>
</report>
