<?xml version="1.0" encoding="UTF-8"?>
<!--
 *******************************************************************************
 * Copyright (c) 2021 Contributors to the Eclipse Foundation
 * 
 * This program and the accompanying materials are made available under the
 * terms of the Eclipse Public License 2.0 which is available at
 * https://www.eclipse.org/legal/epl-2.0/.
 * 
 * SPDX-License-Identifier: EPL-2.0
 * 
 * Contributors:
 *   See git history
 *******************************************************************************
-->
<report xmlns="http://www.eclipse.org/birt/2005/design" version="3.2.23" id="1">
    <property name="refreshRate">30</property>
    <styles>
        <style name="Test-Style" id="2"/>
    </styles>
    <page-setup>
        <simple-master-page name="New Simple Page" id="3">
            <property name="orientation">landscape</property>
            <property name="showHeaderOnFirst">true</property>
            <property name="headerHeight">2.4cm</property>
            <property name="footerHeight">1.2cm</property>
            <page-header>
                <text id="4"/>
            </page-header>
            <page-footer>
                <grid id="5"/>
            </page-footer>
        </simple-master-page>
    </page-setup>
</report>
