<?xml version="1.0" encoding="UTF-8"?>
<!--
 *******************************************************************************
 * Copyright (c) 2021 Contributors to the Eclipse Foundation
 * 
 * This program and the accompanying materials are made available under the
 * terms of the Eclipse Public License 2.0 which is available at
 * https://www.eclipse.org/legal/epl-2.0/.
 * 
 * SPDX-License-Identifier: EPL-2.0
 * 
 * Contributors:
 *   See git history
 *******************************************************************************
-->
<report xmlns="http://www.eclipse.org/birt/2005/design" version="3.2.23" id="1">
    <body>
        <label id="5">
            <list-property name="userProperties">
                <structure>
                    <property name="name">TestProperty</property>
                    <property name="type">expression</property>
                    <expression name="default" type="javascript">new Date()</expression>
                </structure>
                <structure>
                    <property name="name">TestProperty_1</property>
                    <property name="type">xml</property>
                </structure>
            </list-property>
            <xml-property name="TestProperty_1"><![CDATA[value for xml property]]></xml-property>
        </label>
    </body>
</report>
