<?xml version="1.0" encoding="UTF-8"?>
<!--
 *******************************************************************************
 * Copyright (c) 2021 Contributors to the Eclipse Foundation
 * 
 * This program and the accompanying materials are made available under the
 * terms of the Eclipse Public License 2.0 which is available at
 * https://www.eclipse.org/legal/epl-2.0/.
 * 
 * SPDX-License-Identifier: EPL-2.0
 * 
 * Contributors:
 *   See git history
 *******************************************************************************
-->
<report xmlns="http://www.eclipse.org/birt/2005/design" version="3.2.23" id="1">
    <page-setup>
        <graphic-master-page name="My Page" id="2"/>
    </page-setup>
    <body>
        <extended-item extensionName="TestingAction" name="action1" id="3">
            <property name="variables">
                <variable-element name="new variable1">
                    <expression name="value">new expression for variable</expression>
                    <property name="type">page</property>
                </variable-element>
            </property>
        </extended-item>
    </body>
</report>
