<?xml version="1.0" encoding="UTF-8"?>
<!--
 *******************************************************************************
 * Copyright (c) 2021 Contributors to the Eclipse Foundation
 * 
 * This program and the accompanying materials are made available under the
 * terms of the Eclipse Public License 2.0 which is available at
 * https://www.eclipse.org/legal/epl-2.0/.
 * 
 * SPDX-License-Identifier: EPL-2.0
 * 
 * Contributors:
 *   See git history
 *******************************************************************************
-->
<report xmlns="http://www.eclipse.org/birt/2005/design" version="3.2.23" id="1">
    <text-property name="title" key="ResourceKey.ReportDesign.Title">A sample design</text-property>
    <html-property name="description" key="ResourceKey.ReportDesign.Description">Sample report</html-property>
    <translations>
        <resource key="ResourceKey.ReportDesign.Title">
            <translation>My Sample design(default)</translation>
            <translation locale="zh_CN">zh_CN:简单报表.</translation>
            <translation locale="en">EN: My Sample design.</translation>
        </resource>
        <resource key="ResourceKey.ReportDesign.Description">
            <translation>sample report(default)</translation>
            <translation locale="zh_CN">实例报表</translation>
            <translation locale="en">Sample report(en)</translation>
        </resource>
    </translations>
</report>
