<?xml version="1.0" encoding="UTF-8"?>
<!--
 *******************************************************************************
 * Copyright (c) 2021 Contributors to the Eclipse Foundation
 * 
 * This program and the accompanying materials are made available under the
 * terms of the Eclipse Public License 2.0 which is available at
 * https://www.eclipse.org/legal/epl-2.0/.
 * 
 * SPDX-License-Identifier: EPL-2.0
 * 
 * Contributors:
 *   See git history
 *******************************************************************************
-->
<report xmlns="http://www.eclipse.org/birt/2005/design" version="3.2.23" id="1">
    <list-property name="libraries">
        <structure>
            <property name="fileName">EncryptionExtensionTest.lib</property>
            <property name="namespace">lib</property>
        </structure>
    </list-property>
    <body>
        <extended-item extensionName="TestingTable" name="item_1" id="2">
            <encrypted-property name="pswd" encryptionID="base64">TmV3IFBhc3N3b3Jk</encrypted-property>
        </extended-item>
        <extended-item extensionName="TestingTable" name="item_2" id="3">
            <encrypted-property name="pswd" encryptionID="oneEncryptionHelper">_ab_mypswd</encrypted-property>
        </extended-item>
        <extended-item extensionName="TestingTable" name="item_3" extends="lib.item"
 id="4"/>
        <extended-item extensionName="TestingTable" name="item_4" extends="lib.item"
 id="5">
            <encrypted-property name="pswd" encryptionID="encryption_b">_b_mypswd</encrypted-property>
        </extended-item>
        <extended-item extensionName="TestingTable" name="item_5" id="6">
            <encrypted-property name="pswd" encryptionID="no_encryption">_ab_mypswd</encrypted-property>
        </extended-item>
        <extended-item extensionName="TestingTable" name="copyOfitem_1" id="7">
            <encrypted-property name="pswd" encryptionID="base64">TmV3IFBhc3N3b3Jk</encrypted-property>
        </extended-item>
        <extended-item extensionName="TestingTable" name="copyOfitem_2" id="8">
            <encrypted-property name="pswd" encryptionID="oneEncryptionHelper">_ab_mypswd</encrypted-property>
        </extended-item>
        <extended-item extensionName="TestingTable" name="copyOfitem_3" id="9">
            <encrypted-property name="pswd" encryptionID="encryption_b">_b_myown</encrypted-property>
        </extended-item>
        <extended-item extensionName="TestingTable" name="copyOfitem_4" id="10">
            <encrypted-property name="pswd" encryptionID="encryption_b">_b_mypswd</encrypted-property>
        </extended-item>
        <extended-item extensionName="TestingTable" name="copyOfitem_5" id="11">
            <encrypted-property name="pswd" encryptionID="no_encryption">_ab_mypswd</encrypted-property>
        </extended-item>
    </body>
</report>
