<?xml version="1.0" encoding="UTF-8"?>
<!--
 *******************************************************************************
 * Copyright (c) 2021 Contributors to the Eclipse Foundation
 * 
 * This program and the accompanying materials are made available under the
 * terms of the Eclipse Public License 2.0 which is available at
 * https://www.eclipse.org/legal/epl-2.0/.
 * 
 * SPDX-License-Identifier: EPL-2.0
 * 
 * Contributors:
 *   See git history
 *******************************************************************************
-->
<report xmlns="http://www.eclipse.org/birt/2005/design" version="3.2.23" id="1">
    <data-sources>
        <oda-data-source extensionID="org.eclipse.birt.report.data.oda.jdbc" name="dataSource" id="2">
            <property name="odaDriverClass">NewDriverClass</property>
            <property name="odaURL">NewURL</property>
            <property name="odaUser">NewUser</property>
            <encrypted-property name="odaPassword" encryptionID="base64">TmV3UGFzc3dvcmQ=</encrypted-property>
        </oda-data-source>
    </data-sources>
    <data-sets>
        <oda-data-set extensionID="org.eclipse.birt.report.data.oda.jdbc.JdbcSelectDataSet" name="dataSet" id="3">
            <property name="dataSource">dataSource</property>
            <xml-property name="queryText"><![CDATA[select * from cities]]></xml-property>
            <property name="queryTimeOut">60</property>
        </oda-data-set>
    </data-sets>
    <page-setup>
        <graphic-master-page name="My Page" id="4"/>
    </page-setup>
</report>
