<?xml version="1.0" encoding="UTF-8"?>
<!--
 *******************************************************************************
 * Copyright (c) 2021 Contributors to the Eclipse Foundation
 * 
 * This program and the accompanying materials are made available under the
 * terms of the Eclipse Public License 2.0 which is available at
 * https://www.eclipse.org/legal/epl-2.0/.
 * 
 * SPDX-License-Identifier: EPL-2.0
 * 
 * Contributors:
 *   See git history
 *******************************************************************************
-->
<report xmlns="http://www.eclipse.org/birt/2005/design" version="3.2.23" id="1">
    <body>
        <extended-item extensionName="TestingAction" name="action1" id="2">
            <property name="variables">
                <variable-element name="variable1">
                    <expression name="value">expression for variable</expression>
                </variable-element>
            </property>
            <property name="test1" type="constant">11em</property>
            <property name="test2" type="javascript">30+20</property>
        </extended-item>
    </body>
</report>
