<?xml version="1.0" encoding="UTF-8"?>
<!--
 *******************************************************************************
 * Copyright (c) 2021 Contributors to the Eclipse Foundation
 * 
 * This program and the accompanying materials are made available under the
 * terms of the Eclipse Public License 2.0 which is available at
 * https://www.eclipse.org/legal/epl-2.0/.
 * 
 * SPDX-License-Identifier: EPL-2.0
 * 
 * Contributors:
 *   See git history
 *******************************************************************************
-->
<report xmlns="http://www.eclipse.org/birt/2005/design" version="3.2.23" id="1">
    <data-sources>
        <oda-data-source name="myDataSource" id="2"/>
        <oda-data-source name="myDataSource2" id="3"/>
    </data-sources>
    <data-sets>
        <oda-data-set name="firstDataSet" id="4">
            <property name="dataSource">myDataSource</property>
        </oda-data-set>
    </data-sets>
    <page-setup>
        <graphic-master-page name="My Page" id="5">
            <property name="columns">1</property>
            <property name="columnSpacing">0.25mm</property>
        </graphic-master-page>
    </page-setup>
    <body>
        <extended-item extensionName="TestingTable" name="MyTable1" id="6">
            <property name="dataSet">firstDataSet</property>        
            <property name="multiViews">
                <multi-views id="7">
                    <property name="views">
                        <extended-item extensionName="TestingBox" name="box1" id="8"/>
                        <extended-item extensionName="TestingBox" name="box2" id="9"/>
                    </property>
                </multi-views>
            </property>
        </extended-item>
        <extended-item extensionName="TestingTable" name="table2" id="10">
            <property name="dataSet">firstDataSet</property>        
            <property name="multiViews">
                <multi-views id="11">
                    <property name="views">
                        <extended-item extensionName="TestingBox" name="box3" id="12"/>
                    </property>
                </multi-views>
            </property>
        </extended-item>
    </body>
</report>
